[     126ms] [INFO] %cDownload the React DevTools for a better development experience: https://react.dev/link/react-devtools font-weight:bold @ http://localhost:3000/_next/static/chunks/node_modules_next_dist_115brz8._.js:2431
[     144ms] [LOG] [HMR] connected @ http://localhost:3000/_next/static/chunks/node_modules_next_dist_115brz8._.js:2431
[  453923ms] [LOG] [Fast Refresh] rebuilding @ http://localhost:3000/_next/static/chunks/node_modules_next_dist_115brz8._.js:2431
[  453957ms] [LOG] [Fast Refresh] done in 98ms @ http://localhost:3000/_next/static/chunks/node_modules_next_dist_115brz8._.js:2431
[  454063ms] [LOG] [Fast Refresh] rebuilding @ http://localhost:3000/_next/static/chunks/node_modules_next_dist_115brz8._.js:2431
[  454064ms] [LOG] [Fast Refresh] done in 106ms @ http://localhost:3000/_next/static/chunks/node_modules_next_dist_115brz8._.js:2431
[  457809ms] [LOG] [Fast Refresh] rebuilding @ http://localhost:3000/_next/static/chunks/node_modules_next_dist_115brz8._.js:2431
[  457908ms] [LOG] [Fast Refresh] done in 60ms @ http://localhost:3000/_next/static/chunks/node_modules_next_dist_115brz8._.js:2431
[  465087ms] [LOG] [Fast Refresh] rebuilding @ http://localhost:3000/_next/static/chunks/node_modules_next_dist_115brz8._.js:2431
[  465090ms] [LOG] [Fast Refresh] done in 45ms @ http://localhost:3000/_next/static/chunks/node_modules_next_dist_115brz8._.js:2431
[  470949ms] [LOG] [Fast Refresh] rebuilding @ http://localhost:3000/_next/static/chunks/node_modules_next_dist_115brz8._.js:2431
[  471050ms] [LOG] [Fast Refresh] done in 44ms @ http://localhost:3000/_next/static/chunks/node_modules_next_dist_115brz8._.js:2431
[  477246ms] [LOG] [Fast Refresh] rebuilding @ http://localhost:3000/_next/static/chunks/node_modules_next_dist_115brz8._.js:2431
[  478440ms] [ERROR] ./app/(dashboard)/layout.tsx:205:8
the name `Link` is defined multiple times
  203 | }
  204 |
> 205 | import Link from 'next/link';
      |        ^^^^
  206 |
  207 | function SidebarLink({ href, icon, label, active = false }: { href: string, icon: React.ReactNode, label: str...
  208 |   return (

Ecmascript file had an error

Import traces:
  Client Component Browser:
    ./app/(dashboard)/layout.tsx [Client Component Browser]
    ./app/(dashboard)/layout.tsx [Server Component]

  Client Component SSR:
    ./app/(dashboard)/layout.tsx [Client Component SSR]
    ./app/(dashboard)/layout.tsx [Server Component] @ http://localhost:3000/_next/static/chunks/node_modules_next_dist_115brz8._.js:3272
[  478569ms] [LOG] [Fast Refresh] rebuilding @ http://localhost:3000/_next/static/chunks/node_modules_next_dist_115brz8._.js:2431
[  478704ms] [ERROR] Failed to load resource: the server responded with a status of 500 (Internal Server Error) @ http://localhost:3000/courses?_rsc=yxars:0
[  478706ms] [ERROR] ./app/(dashboard)/layout.tsx:205:8
the name `Link` is defined multiple times
  203 | }
  204 |
> 205 | import Link from 'next/link';
      |        ^^^^
  206 |
  207 | function SidebarLink({ href, icon, label, active = false }: { href: string, icon: React.ReactNode, label: str...
  208 |   return (

Ecmascript file had an error

Import traces:
  Client Component Browser:
    ./app/(dashboard)/layout.tsx [Client Component Browser]
    ./app/(dashboard)/layout.tsx [Server Component]

  Client Component SSR:
    ./app/(dashboard)/layout.tsx [Client Component SSR]
    ./app/(dashboard)/layout.tsx [Server Component] @ http://localhost:3000/_next/static/chunks/node_modules_next_dist_115brz8._.js:3272
[  478729ms] [ERROR] Failed to load resource: the server responded with a status of 500 (Internal Server Error) @ http://localhost:3000/courses?_rsc=yxars:0
[  478765ms] [ERROR] Failed to load resource: the server responded with a status of 500 (Internal Server Error) @ http://localhost:3000/courses:0
[  478843ms] [INFO] %cDownload the React DevTools for a better development experience: https://react.dev/link/react-devtools font-weight:bold @ http://localhost:3000/_next/static/chunks/node_modules_react-dom_0bruynb._.js:15305
[  478891ms] Error: ./app/(dashboard)/layout.tsx:205:8
the name `Link` is defined multiple times
  203 | }
  204 |
> 205 | import Link from 'next/link';
      |        ^^^^
  206 |
  207 | function SidebarLink({ href, icon, label, active = false }: { href: string, icon: React.ReactNode, label: str...
  208 |   return (

Ecmascript file had an error

Import traces:
  Client Component Browser:
    ./app/(dashboard)/layout.tsx [Client Component Browser]
    ./app/(dashboard)/layout.tsx [Server Component]

  Client Component SSR:
    ./app/(dashboard)/layout.tsx [Client Component SSR]
    ./app/(dashboard)/layout.tsx [Server Component]


    at <unknown> (Error: ./app/(dashboard)/layout.tsx:205:8)
    at Object.getCompilationErrors (file://I:\dev\dlmon\node_modules\next\dist\server\dev\hot-reloader-turbopack.js:1186:59)
    at DevBundlerService.getCompilationError (file://I:\dev\dlmon\node_modules\next\dist\server\lib\dev-bundler-service.js:44:55)
    at DevServer.getCompilationError (file://I:\dev\dlmon\node_modules\next\dist\server\dev\next-dev-server.js:719:42)
    at DevServer.findPageComponents (file://I:\dev\dlmon\node_modules\next\dist\server\dev\next-dev-server.js:689:43)
    at async DevServer.renderErrorToResponseImpl (file://I:\dev\dlmon\node_modules\next\dist\server\base-server.js:1745:26)
[  478891ms] [LOG] [HMR] connected @ http://localhost:3000/_next/static/chunks/node_modules_next_dist_0u_w_5s._.js:1226
[  478894ms] [ERROR] ./app/(dashboard)/layout.tsx:205:8
the name `Link` is defined multiple times
  203 | }
  204 |
> 205 | import Link from 'next/link';
      |        ^^^^
  206 |
  207 | function SidebarLink({ href, icon, label, active = false }: { href: string, icon: React.ReactNode, label: str...
  208 |   return (

Ecmascript file had an error

Import traces:
  Client Component Browser:
    ./app/(dashboard)/layout.tsx [Client Component Browser]
    ./app/(dashboard)/layout.tsx [Server Component]

  Client Component SSR:
    ./app/(dashboard)/layout.tsx [Client Component SSR]
    ./app/(dashboard)/layout.tsx [Server Component] @ http://localhost:3000/_next/static/chunks/node_modules_next_dist_0u_w_5s._.js:1945
[  478894ms] [ERROR] ./app/(dashboard)/layout.tsx:205:8
the name `Link` is defined multiple times
  203 | }
  204 |
> 205 | import Link from 'next/link';
      |        ^^^^
  206 |
  207 | function SidebarLink({ href, icon, label, active = false }: { href: string, icon: React.ReactNode, label: str...
  208 |   return (

Ecmascript file had an error

Import traces:
  Client Component Browser:
    ./app/(dashboard)/layout.tsx [Client Component Browser]
    ./app/(dashboard)/layout.tsx [Server Component]

  Client Component SSR:
    ./app/(dashboard)/layout.tsx [Client Component SSR]
    ./app/(dashboard)/layout.tsx [Server Component] @ http://localhost:3000/_next/static/chunks/node_modules_next_dist_0u_w_5s._.js:1945
[  478894ms] [ERROR] ./app/(dashboard)/layout.tsx:205:8
the name `Link` is defined multiple times
  203 | }
  204 |
> 205 | import Link from 'next/link';
      |        ^^^^
  206 |
  207 | function SidebarLink({ href, icon, label, active = false }: { href: string, icon: React.ReactNode, label: str...
  208 |   return (

Ecmascript file had an error

Import traces:
  Client Component Browser:
    ./app/(dashboard)/layout.tsx [Client Component Browser]
    ./app/(dashboard)/layout.tsx [Server Component]

  Client Component SSR:
    ./app/(dashboard)/layout.tsx [Client Component SSR]
    ./app/(dashboard)/layout.tsx [Server Component] @ http://localhost:3000/_next/static/chunks/node_modules_next_dist_0u_w_5s._.js:1945
[  478894ms] [ERROR] ./app/(dashboard)/layout.tsx:205:8
the name `Link` is defined multiple times
  203 | }
  204 |
> 205 | import Link from 'next/link';
      |        ^^^^
  206 |
  207 | function SidebarLink({ href, icon, label, active = false }: { href: string, icon: React.ReactNode, label: str...
  208 |   return (

Ecmascript file had an error

Import traces:
  Client Component Browser:
    ./app/(dashboard)/layout.tsx [Client Component Browser]
    ./app/(dashboard)/layout.tsx [Server Component]

  Client Component SSR:
    ./app/(dashboard)/layout.tsx [Client Component SSR]
    ./app/(dashboard)/layout.tsx [Server Component] @ http://localhost:3000/_next/static/chunks/node_modules_next_dist_0u_w_5s._.js:1945
[  478969ms] [ERROR] ./app/(dashboard)/layout.tsx:205:8
the name `Link` is defined multiple times
  203 | }
  204 |
> 205 | import Link from 'next/link';
      |        ^^^^
  206 |
  207 | function SidebarLink({ href, icon, label, active = false }: { href: string, icon: React.ReactNode, label: str...
  208 |   return (

Ecmascript file had an error

Import traces:
  Client Component Browser:
    ./app/(dashboard)/layout.tsx [Client Component Browser]
    ./app/(dashboard)/layout.tsx [Server Component]

  Client Component SSR:
    ./app/(dashboard)/layout.tsx [Client Component SSR]
    ./app/(dashboard)/layout.tsx [Server Component] @ http://localhost:3000/_next/static/chunks/node_modules_next_dist_0u_w_5s._.js:1945
[  479007ms] [LOG] [Fast Refresh] rebuilding @ http://localhost:3000/_next/static/chunks/node_modules_next_dist_0u_w_5s._.js:1226
[  480741ms] [LOG] [Fast Refresh] rebuilding @ http://localhost:3000/_next/static/chunks/node_modules_next_dist_0u_w_5s._.js:1226
[  480934ms] [LOG] [Fast Refresh] done in 135ms @ http://localhost:3000/_next/static/chunks/node_modules_next_dist_0u_w_5s._.js:1226
[  481013ms] [INFO] %cDownload the React DevTools for a better development experience: https://react.dev/link/react-devtools font-weight:bold @ http://localhost:3000/_next/static/chunks/node_modules_next_dist_115brz8._.js:2431
[  481026ms] [LOG] [HMR] connected @ http://localhost:3000/_next/static/chunks/node_modules_next_dist_115brz8._.js:2431
[  484234ms] [LOG] [Fast Refresh] rebuilding @ http://localhost:3000/_next/static/chunks/node_modules_next_dist_115brz8._.js:2431
[  484237ms] [ERROR] ./components/dashboard/DashboardClient.tsx:114:10
the name `ChevronRight` is defined multiple times
  112 | }
  113 |
> 114 | import { ChevronRight } from 'lucide-react';
      |          ^^^^^^^^^^^^
  115 |
  116 | function StatCard({ icon, label, value, change, color }: { icon: React.ReactNode, label: string, value: strin...
  117 |   return (

Ecmascript file had an error

Import trace:
  Server Component:
    ./components/dashboard/DashboardClient.tsx
    ./app/(dashboard)/dashboard/page.tsx @ http://localhost:3000/_next/static/chunks/node_modules_next_dist_115brz8._.js:3272
[  484250ms] [ERROR] Failed to load resource: the server responded with a status of 500 (Internal Server Error) @ http://localhost:3000/courses?_rsc=yxars:0
[  484275ms] [ERROR] Failed to load resource: the server responded with a status of 500 (Internal Server Error) @ http://localhost:3000/courses:0
[  484300ms] [INFO] %cDownload the React DevTools for a better development experience: https://react.dev/link/react-devtools font-weight:bold @ http://localhost:3000/_next/static/chunks/node_modules_react-dom_0bruynb._.js:15305
[  484310ms] Error: ./components/dashboard/DashboardClient.tsx:114:10
the name `ChevronRight` is defined multiple times
  112 | }
  113 |
> 114 | import { ChevronRight } from 'lucide-react';
      |          ^^^^^^^^^^^^
  115 |
  116 | function StatCard({ icon, label, value, change, color }: { icon: React.ReactNode, label: string, value: strin...
  117 |   return (

Ecmascript file had an error

Import trace:
  Server Component:
    ./components/dashboard/DashboardClient.tsx
    ./app/(dashboard)/dashboard/page.tsx


    at <unknown> (Error: ./components/dashboard/DashboardClient.tsx:114:10)
    at Object.getCompilationErrors (file://I:\dev\dlmon\node_modules\next\dist\server\dev\hot-reloader-turbopack.js:1186:59)
    at DevBundlerService.getCompilationError (file://I:\dev\dlmon\node_modules\next\dist\server\lib\dev-bundler-service.js:44:55)
    at DevServer.getCompilationError (file://I:\dev\dlmon\node_modules\next\dist\server\dev\next-dev-server.js:719:42)
    at DevServer.findPageComponents (file://I:\dev\dlmon\node_modules\next\dist\server\dev\next-dev-server.js:689:43)
    at async DevServer.renderErrorToResponseImpl (file://I:\dev\dlmon\node_modules\next\dist\server\base-server.js:1745:26)
[  484310ms] [LOG] [HMR] connected @ http://localhost:3000/_next/static/chunks/node_modules_next_dist_0u_w_5s._.js:1226
[  484311ms] [ERROR] ./components/dashboard/DashboardClient.tsx:114:10
the name `ChevronRight` is defined multiple times
  112 | }
  113 |
> 114 | import { ChevronRight } from 'lucide-react';
      |          ^^^^^^^^^^^^
  115 |
  116 | function StatCard({ icon, label, value, change, color }: { icon: React.ReactNode, label: string, value: strin...
  117 |   return (

Ecmascript file had an error

Import trace:
  Server Component:
    ./components/dashboard/DashboardClient.tsx
    ./app/(dashboard)/dashboard/page.tsx @ http://localhost:3000/_next/static/chunks/node_modules_next_dist_0u_w_5s._.js:1945
[  484356ms] [ERROR] ./components/dashboard/DashboardClient.tsx:114:10
the name `ChevronRight` is defined multiple times
  112 | }
  113 |
> 114 | import { ChevronRight } from 'lucide-react';
      |          ^^^^^^^^^^^^
  115 |
  116 | function StatCard({ icon, label, value, change, color }: { icon: React.ReactNode, label: string, value: strin...
  117 |   return (

Ecmascript file had an error

Import trace:
  Server Component:
    ./components/dashboard/DashboardClient.tsx
    ./app/(dashboard)/dashboard/page.tsx @ http://localhost:3000/_next/static/chunks/node_modules_next_dist_0u_w_5s._.js:1945
[  484418ms] [LOG] [Fast Refresh] rebuilding @ http://localhost:3000/_next/static/chunks/node_modules_next_dist_0u_w_5s._.js:1226
[  486933ms] [ERROR] ./components/dashboard/DashboardClient.tsx:114:10
the name `ChevronRight` is defined multiple times
  112 | }
  113 |
> 114 | import { ChevronRight } from 'lucide-react';
      |          ^^^^^^^^^^^^
  115 |
  116 | function StatCard({ icon, label, value, change, color }: { icon: React.ReactNode, label: string, value: strin...
  117 |   return (

Ecmascript file had an error

Import trace:
  Server Component:
    ./components/dashboard/DashboardClient.tsx
    ./app/(dashboard)/dashboard/page.tsx @ http://localhost:3000/_next/static/chunks/node_modules_next_dist_0u_w_5s._.js:1945
[  486991ms] [LOG] [Fast Refresh] rebuilding @ http://localhost:3000/_next/static/chunks/node_modules_next_dist_0u_w_5s._.js:1226
[  491179ms] [ERROR] ./components/dashboard/DashboardClient.tsx:114:10
the name `ChevronRight` is defined multiple times
  112 | }
  113 |
> 114 | import { ChevronRight } from 'lucide-react';
      |          ^^^^^^^^^^^^
  115 |
  116 | function StatCard({ icon, label, value, change, color }: { icon: React.ReactNode, label: string, value: strin...
  117 |   return (

Ecmascript file had an error

Import trace:
  Server Component:
    ./components/dashboard/DashboardClient.tsx
    ./app/(dashboard)/dashboard/page.tsx @ http://localhost:3000/_next/static/chunks/node_modules_next_dist_0u_w_5s._.js:1945
[  491245ms] [LOG] [Fast Refresh] rebuilding @ http://localhost:3000/_next/static/chunks/node_modules_next_dist_0u_w_5s._.js:1226
[  492352ms] [LOG] [Fast Refresh] rebuilding @ http://localhost:3000/_next/static/chunks/node_modules_next_dist_0u_w_5s._.js:1226
[  492597ms] [LOG] [Fast Refresh] done in 222ms @ http://localhost:3000/_next/static/chunks/node_modules_next_dist_0u_w_5s._.js:1226
[  492720ms] [LOG] [Fast Refresh] rebuilding @ http://localhost:3000/_next/static/chunks/node_modules_next_dist_0u_w_5s._.js:1226
[  492770ms] [LOG] [Fast Refresh] done in 151ms @ http://localhost:3000/_next/static/chunks/node_modules_next_dist_0u_w_5s._.js:1226
[  492827ms] [INFO] %cDownload the React DevTools for a better development experience: https://react.dev/link/react-devtools font-weight:bold @ http://localhost:3000/_next/static/chunks/node_modules_next_dist_115brz8._.js:2431
[  492848ms] [LOG] [HMR] connected @ http://localhost:3000/_next/static/chunks/node_modules_next_dist_115brz8._.js:2431
[  498712ms] [LOG] [Fast Refresh] rebuilding @ http://localhost:3000/_next/static/chunks/node_modules_next_dist_115brz8._.js:2431
[  498716ms] [LOG] [Fast Refresh] done in 45ms @ http://localhost:3000/_next/static/chunks/node_modules_next_dist_115brz8._.js:2431
[  498822ms] [LOG] [Fast Refresh] rebuilding @ http://localhost:3000/_next/static/chunks/node_modules_next_dist_115brz8._.js:2431
[  498831ms] [LOG] [Fast Refresh] done in 113ms @ http://localhost:3000/_next/static/chunks/node_modules_next_dist_115brz8._.js:2431
[  507769ms] [LOG] [Fast Refresh] rebuilding @ http://localhost:3000/_next/static/chunks/node_modules_next_dist_115brz8._.js:2431
[  507772ms] [LOG] [Fast Refresh] done in 68ms @ http://localhost:3000/_next/static/chunks/node_modules_next_dist_115brz8._.js:2431
[  513414ms] [LOG] [Fast Refresh] rebuilding @ http://localhost:3000/_next/static/chunks/node_modules_next_dist_115brz8._.js:2431
[  513564ms] [LOG] [Fast Refresh] done in 91ms @ http://localhost:3000/_next/static/chunks/node_modules_next_dist_115brz8._.js:2431
[  516571ms] [LOG] [Fast Refresh] rebuilding @ http://localhost:3000/_next/static/chunks/node_modules_next_dist_115brz8._.js:2431
[  516683ms] [LOG] [Fast Refresh] done in 31ms @ http://localhost:3000/_next/static/chunks/node_modules_next_dist_115brz8._.js:2431
