[     162ms] [INFO] %cDownload the React DevTools for a better development experience: https://react.dev/link/react-devtools font-weight:bold @ http://localhost:3000/_next/static/chunks/node_modules_next_dist_115brz8._.js:2431
[     182ms] [LOG] [HMR] connected @ http://localhost:3000/_next/static/chunks/node_modules_next_dist_115brz8._.js:2431
[   10152ms] [LOG] [Fast Refresh] rebuilding @ http://localhost:3000/_next/static/chunks/node_modules_next_dist_115brz8._.js:2431
[   10257ms] [LOG] [Fast Refresh] done in 210ms @ http://localhost:3000/_next/static/chunks/node_modules_next_dist_115brz8._.js:2431
[  253334ms] [LOG] [Fast Refresh] rebuilding @ http://localhost:3000/_next/static/chunks/node_modules_next_dist_115brz8._.js:2431
[  253421ms] [LOG] [Fast Refresh] done in 189ms @ http://localhost:3000/_next/static/chunks/node_modules_next_dist_115brz8._.js:2431
[  314446ms] [ERROR] WebSocket connection to 'ws://localhost:3000/_next/webpack-hmr?id=tpvIMws0tnHdmGaCzx7av' failed: Error in connection establishment: net::ERR_CONNECTION_REFUSED @ http://localhost:3000/_next/static/chunks/node_modules_next_dist_client_0fhqo1d._.js:13299
[  317775ms] [ERROR] WebSocket connection to 'ws://localhost:3000/_next/webpack-hmr?id=tpvIMws0tnHdmGaCzx7av' failed: Error in connection establishment: net::ERR_CONNECTION_REFUSED @ http://localhost:3000/_next/static/chunks/node_modules_next_dist_client_0fhqo1d._.js:13299
[  321130ms] [ERROR] WebSocket connection to 'ws://localhost:3000/_next/webpack-hmr?id=tpvIMws0tnHdmGaCzx7av' failed: Error in connection establishment: net::ERR_CONNECTION_REFUSED @ http://localhost:3000/_next/static/chunks/node_modules_next_dist_client_0fhqo1d._.js:13299
[  324490ms] [ERROR] WebSocket connection to 'ws://localhost:3000/_next/webpack-hmr?id=tpvIMws0tnHdmGaCzx7av' failed: Error in connection establishment: net::ERR_CONNECTION_REFUSED @ http://localhost:3000/_next/static/chunks/node_modules_next_dist_client_0fhqo1d._.js:13299
[  327877ms] [ERROR] WebSocket connection to 'ws://localhost:3000/_next/webpack-hmr?id=tpvIMws0tnHdmGaCzx7av' failed: Error in connection establishment: net::ERR_CONNECTION_REFUSED @ http://localhost:3000/_next/static/chunks/node_modules_next_dist_client_0fhqo1d._.js:13299
[  332895ms] [LOG] [HMR] connected @ http://localhost:3000/_next/static/chunks/node_modules_next_dist_115brz8._.js:2431
[  334281ms] [INFO] %cDownload the React DevTools for a better development experience: https://react.dev/link/react-devtools font-weight:bold @ http://localhost:3000/_next/static/chunks/node_modules_next_dist_115brz8._.js:2431
[  334377ms] [LOG] [HMR] connected @ http://localhost:3000/_next/static/chunks/node_modules_next_dist_115brz8._.js:2431
[  350885ms] [LOG] [Fast Refresh] rebuilding @ http://localhost:3000/_next/static/chunks/node_modules_next_dist_115brz8._.js:2431
[  351008ms] [LOG] [Fast Refresh] done in 229ms @ http://localhost:3000/_next/static/chunks/node_modules_next_dist_115brz8._.js:2431
[  898301ms] [ERROR] WebSocket connection to 'ws://localhost:3000/_next/webpack-hmr?id=cAy3f8Q62l52hyNKvCiBf' failed: Error in connection establishment: net::ERR_CONNECTION_REFUSED @ http://localhost:3000/_next/static/chunks/node_modules_next_dist_client_0fhqo1d._.js:13299
[  901675ms] [ERROR] WebSocket connection to 'ws://localhost:3000/_next/webpack-hmr?id=cAy3f8Q62l52hyNKvCiBf' failed: Error in connection establishment: net::ERR_CONNECTION_REFUSED @ http://localhost:3000/_next/static/chunks/node_modules_next_dist_client_0fhqo1d._.js:13299
[  905045ms] [ERROR] WebSocket connection to 'ws://localhost:3000/_next/webpack-hmr?id=cAy3f8Q62l52hyNKvCiBf' failed: Error in connection establishment: net::ERR_CONNECTION_REFUSED @ http://localhost:3000/_next/static/chunks/node_modules_next_dist_client_0fhqo1d._.js:13299
[  908397ms] [ERROR] WebSocket connection to 'ws://localhost:3000/_next/webpack-hmr?id=cAy3f8Q62l52hyNKvCiBf' failed: Error in connection establishment: net::ERR_CONNECTION_REFUSED @ http://localhost:3000/_next/static/chunks/node_modules_next_dist_client_0fhqo1d._.js:13299
[  911773ms] [ERROR] WebSocket connection to 'ws://localhost:3000/_next/webpack-hmr?id=cAy3f8Q62l52hyNKvCiBf' failed: Error in connection establishment: net::ERR_CONNECTION_REFUSED @ http://localhost:3000/_next/static/chunks/node_modules_next_dist_client_0fhqo1d._.js:13299
[  919153ms] [ERROR] WebSocket connection to 'ws://localhost:3000/_next/webpack-hmr?id=cAy3f8Q62l52hyNKvCiBf' failed: Error in connection establishment: net::ERR_CONNECTION_REFUSED @ http://localhost:3000/_next/static/chunks/node_modules_next_dist_client_0fhqo1d._.js:13299
[  926522ms] [ERROR] WebSocket connection to 'ws://localhost:3000/_next/webpack-hmr?id=cAy3f8Q62l52hyNKvCiBf' failed: Error in connection establishment: net::ERR_CONNECTION_REFUSED @ http://localhost:3000/_next/static/chunks/node_modules_next_dist_client_0fhqo1d._.js:13299
[  933927ms] [ERROR] WebSocket connection to 'ws://localhost:3000/_next/webpack-hmr?id=cAy3f8Q62l52hyNKvCiBf' failed: Error in connection establishment: net::ERR_CONNECTION_REFUSED @ http://localhost:3000/_next/static/chunks/node_modules_next_dist_client_0fhqo1d._.js:13299
[  941314ms] [ERROR] WebSocket connection to 'ws://localhost:3000/_next/webpack-hmr?id=cAy3f8Q62l52hyNKvCiBf' failed: Error in connection establishment: net::ERR_CONNECTION_REFUSED @ http://localhost:3000/_next/static/chunks/node_modules_next_dist_client_0fhqo1d._.js:13299
[  948712ms] [ERROR] WebSocket connection to 'ws://localhost:3000/_next/webpack-hmr?id=cAy3f8Q62l52hyNKvCiBf' failed: Error in connection establishment: net::ERR_CONNECTION_REFUSED @ http://localhost:3000/_next/static/chunks/node_modules_next_dist_client_0fhqo1d._.js:13299
[  956093ms] [ERROR] WebSocket connection to 'ws://localhost:3000/_next/webpack-hmr?id=cAy3f8Q62l52hyNKvCiBf' failed: Error in connection establishment: net::ERR_CONNECTION_REFUSED @ http://localhost:3000/_next/static/chunks/node_modules_next_dist_client_0fhqo1d._.js:13299
[  963571ms] [ERROR] WebSocket connection to 'ws://localhost:3000/_next/webpack-hmr?id=cAy3f8Q62l52hyNKvCiBf' failed: Error in connection establishment: net::ERR_CONNECTION_REFUSED @ http://localhost:3000/_next/static/chunks/node_modules_next_dist_client_0fhqo1d._.js:13299
